// Jest Snapshot v1, https://goo.gl/fbAQLP

exports[`The Period Selector component matches the snapshot 1`] = `
<Transfer
  dataTest="dhis2-uicore-transfer"
  enableOrderChange={true}
  filterCallback={[Function]}
  filterCallbackPicked={[Function]}
  height="512px"
  initialSearchTerm=""
  initialSearchTermPicked=""
  leftHeader={
    <React.Fragment>
      <TabBar
        dataTest="dhis2-uicore-tabbar"
      >
        <Tab
          dataTest="dhis2-uicore-tab"
          onClick={[Function]}
          selected={true}
        >
          Relative periods
        </Tab>
        <Tab
          dataTest="dhis2-uicore-tab"
          onClick={[Function]}
          selected={false}
        >
          Fixed periods
        </Tab>
      </TabBar>
      <div
        className="filterContainer"
      >
        <RelativePeriodFilter
          currentFilter="Months"
          onSelectFilter={[Function]}
        />
      </div>
      <style>
        
      </style>
    </React.Fragment>
  }
  maxSelections={Infinity}
  onChange={[Function]}
  options={
    Array [
      Object {
        "label": "This month",
        "value": "THIS_MONTH",
      },
      Object {
        "label": "Last month",
        "value": "LAST_MONTH",
      },
      Object {
        "label": "Last 3 months",
        "value": "LAST_3_MONTHS",
      },
      Object {
        "label": "Last 6 months",
        "value": "LAST_6_MONTHS",
      },
      Object {
        "label": "Last 12 months",
        "value": "LAST_12_MONTHS",
      },
      Object {
        "label": "Months this year",
        "value": "MONTHS_THIS_YEAR",
      },
    ]
  }
  optionsWidth="420px"
  renderOption={[Function]}
  rightFooter={<React.Fragment />}
  rightHeader={
    <React.Fragment>
      <p
        className="rightHeader"
      >
        Selected Periods
      </p>
      <style>
        
      </style>
    </React.Fragment>
  }
  selected={Array []}
  selectedEmptyComponent={
    <React.Fragment>
      <p
        className="emptyList"
      >
        No periods selected
      </p>
      <style>
        
      </style>
    </React.Fragment>
  }
  selectedWidth="298px"
/>
`;
