// Jest Snapshot v1, https://goo.gl/fbAQLP

exports[`The Period Dimension component matches the snapshot 1`] = `
<PeriodSelector
  initialSelectedPeriods={Array []}
  onSelect={[Function]}
  rightFooter={<React.Fragment />}
/>
`;
