// Jest Snapshot v1, https://goo.gl/fbAQLP

exports[`The OrgUnitDimension component matches the snapshot 1`] = `
<div
  className="container"
>
  <div
    className="userOrgUnitsWrapper"
  >
    <Checkbox
      checked={false}
      dataTest="dhis2-uicore-checkbox"
      dense={true}
      indeterminate={false}
      label="User organisation unit"
      onChange={[Function]}
    />
    <Checkbox
      checked={false}
      dataTest="dhis2-uicore-checkbox"
      dense={true}
      indeterminate={false}
      label="User sub-units"
      onChange={[Function]}
    />
    <Checkbox
      checked={false}
      dataTest="dhis2-uicore-checkbox"
      dense={true}
      indeterminate={false}
      label="User sub-x2-units"
      onChange={[Function]}
    />
  </div>
  <div
    className="orgUnitTreeWrapper"
  >
    <OrganisationUnitTree
      dataTest="org-unit-tree"
      initiallyExpanded={Array []}
      onChange={[Function]}
      roots={Array []}
      selected={Array []}
    />
  </div>
  <div
    className="selectsWrapper"
  >
    <MultiSelect
      dataTest="org-unit-level-select"
      dense={true}
      loading={true}
      onChange={[Function]}
      placeholder="Select a level"
      selected={Array []}
    />
    <MultiSelect
      dataTest="org-unit-group-select"
      dense={true}
      loading={true}
      onChange={[Function]}
      placeholder="Select a group"
      selected={Array []}
    />
  </div>
  <div
    className="summaryWrapper"
  >
    <span
      className="summaryText"
    >
      Nothing selected
    </span>
    <div
      className="deselectButton"
    >
      <Button
        disabled={true}
        onClick={[Function]}
        secondary={true}
        small={true}
      >
        Deselect all
      </Button>
    </div>
  </div>
  <style />
</div>
`;
