// Jest Snapshot v1, https://goo.gl/fbAQLP

exports[`OrgUnitDimension OrgUnitDimension matches the snapshot 1`] = `
<div>
  <div
    class="container"
  >
    <div
      class="userOrgUnitsWrapper"
    >
      <label
        class="jsx-1193297444 dense"
        data-test="dhis2-uicore-checkbox"
      >
        <input
          class="jsx-1193297444"
          type="checkbox"
          value=""
        />
        <div
          class="jsx-1193297444 icon dense"
        >
          <svg
            class="jsx-4069423049 jsx-3997907426 "
            viewBox="0 0 14 14"
            xmlns="http://www.w3.org/2000/svg"
          >
            <rect
              class="jsx-4069423049 jsx-3997907426 background"
              height="14"
              rx="2"
              width="14"
              x="0"
              y="0"
            />
            <path
              class="jsx-4069423049 jsx-3997907426 border"
              d="M2,0 L12,0 C13.1045695,0 14,0.8954305 14,2 L14,12 C14,13.1045695 13.1045695,14 12,14 L2,14 C0.8954305,14 0,13.1045695 0,12 L0,2 C0,0.8954305 0.8954305,0 2,0 Z M2,1 C1.44771525,1 1,1.44771525 1,2 L1,12 C1,12.5522847 1.44771525,13 2,13 L12,13 C12.5522847,13 13,12.5522847 13,12 L13,2 C13,1.44771525 12.5522847,1 12,1 L2,1 Z"
            />
            <path
              class="jsx-4069423049 jsx-3997907426 checkmark"
              d="M10.3520005,3.30015877 L5.54268293,8.03252726 L3.64634146,6.16652726 L2.28668615,7.5044281 L5.54310367,10.7010587 L11.7145993,4.628307 L10.3520005,3.30015877 Z M5.54268293,9.43547274 L5.61193184,9.36733181 L5.54226219,9.29894127 L5.47309681,9.367 L5.54268293,9.43547274 Z M10.6496329,4.41023392 L10.6495057,4.35652297 L10.5648412,4.35672356 L10.2854007,4.631693 L10.3553166,4.69984123 L10.6496329,4.41023392 Z M3.42891348,7.22439304 L3.35030905,7.22439304 L3.35034135,7.27820863 L3.64634146,7.56947274 L3.71331385,7.5035719 L3.42891348,7.22439304 Z"
            />
            <rect
              class="jsx-4069423049 jsx-3997907426 indeterminate"
              height="2"
              width="8"
              x="3"
              y="6"
            />
          </svg>
        </div>
        User organisation unit
      </label>
      <label
        class="jsx-1193297444 dense"
        data-test="dhis2-uicore-checkbox"
      >
        <input
          class="jsx-1193297444"
          type="checkbox"
          value=""
        />
        <div
          class="jsx-1193297444 icon dense"
        >
          <svg
            class="jsx-4069423049 jsx-3997907426 "
            viewBox="0 0 14 14"
            xmlns="http://www.w3.org/2000/svg"
          >
            <rect
              class="jsx-4069423049 jsx-3997907426 background"
              height="14"
              rx="2"
              width="14"
              x="0"
              y="0"
            />
            <path
              class="jsx-4069423049 jsx-3997907426 border"
              d="M2,0 L12,0 C13.1045695,0 14,0.8954305 14,2 L14,12 C14,13.1045695 13.1045695,14 12,14 L2,14 C0.8954305,14 0,13.1045695 0,12 L0,2 C0,0.8954305 0.8954305,0 2,0 Z M2,1 C1.44771525,1 1,1.44771525 1,2 L1,12 C1,12.5522847 1.44771525,13 2,13 L12,13 C12.5522847,13 13,12.5522847 13,12 L13,2 C13,1.44771525 12.5522847,1 12,1 L2,1 Z"
            />
            <path
              class="jsx-4069423049 jsx-3997907426 checkmark"
              d="M10.3520005,3.30015877 L5.54268293,8.03252726 L3.64634146,6.16652726 L2.28668615,7.5044281 L5.54310367,10.7010587 L11.7145993,4.628307 L10.3520005,3.30015877 Z M5.54268293,9.43547274 L5.61193184,9.36733181 L5.54226219,9.29894127 L5.47309681,9.367 L5.54268293,9.43547274 Z M10.6496329,4.41023392 L10.6495057,4.35652297 L10.5648412,4.35672356 L10.2854007,4.631693 L10.3553166,4.69984123 L10.6496329,4.41023392 Z M3.42891348,7.22439304 L3.35030905,7.22439304 L3.35034135,7.27820863 L3.64634146,7.56947274 L3.71331385,7.5035719 L3.42891348,7.22439304 Z"
            />
            <rect
              class="jsx-4069423049 jsx-3997907426 indeterminate"
              height="2"
              width="8"
              x="3"
              y="6"
            />
          </svg>
        </div>
        User sub-units
      </label>
      <label
        class="jsx-1193297444 dense"
        data-test="dhis2-uicore-checkbox"
      >
        <input
          class="jsx-1193297444"
          type="checkbox"
          value=""
        />
        <div
          class="jsx-1193297444 icon dense"
        >
          <svg
            class="jsx-4069423049 jsx-3997907426 "
            viewBox="0 0 14 14"
            xmlns="http://www.w3.org/2000/svg"
          >
            <rect
              class="jsx-4069423049 jsx-3997907426 background"
              height="14"
              rx="2"
              width="14"
              x="0"
              y="0"
            />
            <path
              class="jsx-4069423049 jsx-3997907426 border"
              d="M2,0 L12,0 C13.1045695,0 14,0.8954305 14,2 L14,12 C14,13.1045695 13.1045695,14 12,14 L2,14 C0.8954305,14 0,13.1045695 0,12 L0,2 C0,0.8954305 0.8954305,0 2,0 Z M2,1 C1.44771525,1 1,1.44771525 1,2 L1,12 C1,12.5522847 1.44771525,13 2,13 L12,13 C12.5522847,13 13,12.5522847 13,12 L13,2 C13,1.44771525 12.5522847,1 12,1 L2,1 Z"
            />
            <path
              class="jsx-4069423049 jsx-3997907426 checkmark"
              d="M10.3520005,3.30015877 L5.54268293,8.03252726 L3.64634146,6.16652726 L2.28668615,7.5044281 L5.54310367,10.7010587 L11.7145993,4.628307 L10.3520005,3.30015877 Z M5.54268293,9.43547274 L5.61193184,9.36733181 L5.54226219,9.29894127 L5.47309681,9.367 L5.54268293,9.43547274 Z M10.6496329,4.41023392 L10.6495057,4.35652297 L10.5648412,4.35672356 L10.2854007,4.631693 L10.3553166,4.69984123 L10.6496329,4.41023392 Z M3.42891348,7.22439304 L3.35030905,7.22439304 L3.35034135,7.27820863 L3.64634146,7.56947274 L3.71331385,7.5035719 L3.42891348,7.22439304 Z"
            />
            <rect
              class="jsx-4069423049 jsx-3997907426 indeterminate"
              height="2"
              width="8"
              x="3"
              y="6"
            />
          </svg>
        </div>
        User sub-x2-units
      </label>
    </div>
    <div
      class="orgUnitTreeWrapper"
    >
      <div>
        Org unit tree component mock
      </div>
    </div>
    <div
      class="selectsWrapper"
    >
      <div
        class="jsx-114080822 root"
        data-test="org-unit-level-select"
      >
        <div
          class="jsx-114080822 root-input"
        >
          <div
            data-test="dhis2-uicore-select"
          >
            <div
              class="jsx-2991488683 root dense"
              data-test="dhis2-uicore-select-input"
              tabindex="0"
            >
              <div
                class="jsx-2991488683 root-children"
              >
                <div
                  class="jsx-2370825775 jsx-4123978364 root"
                >
                  <div
                    class="jsx-1271387003 "
                    data-test="org-unit-level-select-placeholder"
                  >
                    Select a level
                  </div>
                </div>
              </div>
              <div
                class="jsx-2991488683 root-right"
              >
                <svg
                  height="16"
                  viewBox="0 0 16 16"
                  width="16"
                  xmlns="http://www.w3.org/2000/svg"
                >
                  <path
                    d="M4.146 6.146a.5.5 0 01.638-.057l.07.057L8 9.293l3.146-3.147a.5.5 0 01.638-.057l.07.057a.5.5 0 01.057.638l-.057.07-3.5 3.5a.5.5 0 01-.638.057l-.07-.057-3.5-3.5a.5.5 0 010-.708z"
                    fill="currentColor"
                  />
                </svg>
              </div>
            </div>
          </div>
        </div>
      </div>
      <div
        class="jsx-114080822 root"
        data-test="org-unit-group-select"
      >
        <div
          class="jsx-114080822 root-input"
        >
          <div
            data-test="dhis2-uicore-select"
          >
            <div
              class="jsx-2991488683 root dense"
              data-test="dhis2-uicore-select-input"
              tabindex="0"
            >
              <div
                class="jsx-2991488683 root-children"
              >
                <div
                  class="jsx-2370825775 jsx-4123978364 root"
                >
                  <div
                    class="jsx-1271387003 "
                    data-test="org-unit-group-select-placeholder"
                  >
                    Select a group
                  </div>
                </div>
              </div>
              <div
                class="jsx-2991488683 root-right"
              >
                <svg
                  height="16"
                  viewBox="0 0 16 16"
                  width="16"
                  xmlns="http://www.w3.org/2000/svg"
                >
                  <path
                    d="M4.146 6.146a.5.5 0 01.638-.057l.07.057L8 9.293l3.146-3.147a.5.5 0 01.638-.057l.07.057a.5.5 0 01.057.638l-.057.07-3.5 3.5a.5.5 0 01-.638.057l-.07-.057-3.5-3.5a.5.5 0 010-.708z"
                    fill="currentColor"
                  />
                </svg>
              </div>
            </div>
          </div>
        </div>
      </div>
    </div>
    <div
      class="summaryWrapper"
    >
      <span
        class="summaryText"
      >
        Nothing selected
      </span>
      <div
        class="deselectButton"
      >
        <button
          class="jsx-3146657073 secondary small"
          data-test="dhis2-uicore-button"
          disabled=""
          type="button"
        >
          Deselect all
        </button>
      </div>
    </div>
    <style />
  </div>
</div>
`;
