// Jest Snapshot v1, https://goo.gl/fbAQLP

exports[`analytics.enrollments should not be allowed to be called without new 1`] = `"Class constructor AnalyticsEnrollments cannot be invoked without 'new'"`;
